// Jest Snapshot v1, https://goo.gl/fbAQLP

exports[`Persnal details renders correctly 1`] = `
<div
  className="mainContainer profile container-fluid"
>
  <div
    className="pt-3 pb-4 container"
  >
    <div
      className="row"
    >
      <div
        className="col-lg-4 col-md-12"
      >
        <div
          class="bgWhite fullHeight"
        >
          <h5
            className="mb-2 text-uppercase newColor"
          >
            
          </h5>
          <p
            className="newColor"
          >
            
          </p>
          <p
            className="profileInfo"
          >
            Tel: 
            
            <span>
              
            </span>
          </p>
          <p
            className="profileInfo"
          >
            personalPage.sideText0
             : 
            
            <span>
              
            </span>
          </p>
          <p
            className="profileInfo"
          >
            personalPage.sideText1
             : 
            
            <span>
              
            </span>
          </p>
          <p
            className="profileInfo"
          >
            personalPage.sideText2
             : 
            
            <span>
              
            </span>
          </p>
          <p
            className="profileInfo"
          >
            personalPage.sideText3
             : 
            
            <span>
              
            </span>
          </p>
          
          <p
            className="profileInfo"
          >
            Bio: 
            
            <span>
              
            </span>
          </p>
        </div>
      </div>
      <div
        className="mt-lg-0 mt-5 formSection col-lg-8 col-md-12"
      >
        <div
          align="left"
          className="bgWhite personelInfo"
        >
          <form
            action="#"
            onReset={[Function]}
            onSubmit={[Function]}
          >
            <h3
              className="newColor"
            >
              personalPage.title0
            </h3>
            <div
              className="row d-flex justify-content-around mt-4"
            />
            <div
              className="row d-flex justify-content-around mt-4"
            >
              <div>
                <input
                  className="shadow inputStyle"
                  name="phone"
                  onBlur={[Function]}
                  onChange={[Function]}
                  placeholder="personalPage.placeholder2"
                  type="tel"
                  value=""
                />
                <div
                  className="error"
                />
              </div>
              <div>
                <textarea
                  className="shadow inputStyle"
                  name="bio"
                  onBlur={[Function]}
                  onChange={[Function]}
                  placeholder="personalPage.placeholder3"
                  value=""
                />
                <div
                  className="error"
                />
              </div>
            </div>
            <div
              className="mt-4"
            >
              <h3
                className="newColor"
              >
                personalPage.title1
              </h3>
              <div
                className="row d-flex justify-content-around mt-4 "
              >
                <div>
                  <select
                    className="shadow inputStyle"
                    id="city"
                    multiple={false}
                    name="city"
                    onBlur={[Function]}
                    onChange={[Function]}
                    value=""
                  >
                    <option
                      value=""
                    >
                      personalPage.dropdown
                    </option>
                    <option
                      name="city"
                    >
                      adana
                    </option>
                    <option
                      name="city"
                    >
                      adıyaman
                    </option>
                    <option
                      name="city"
                    >
                      afyonkarahisar
                    </option>
                    <option
                      name="city"
                    >
                      ağrı
                    </option>
                    <option
                      name="city"
                    >
                      amasya
                    </option>
                    <option
                      name="city"
                    >
                      ankara
                    </option>
                    <option
                      name="city"
                    >
                      antalya
                    </option>
                    <option
                      name="city"
                    >
                      artvin
                    </option>
                    <option
                      name="city"
                    >
                      aydın
                    </option>
                    <option
                      name="city"
                    >
                      balıkesir
                    </option>
                    <option
                      name="city"
                    >
                      bilecik
                    </option>
                    <option
                      name="city"
                    >
                      bingöl
                    </option>
                    <option
                      name="city"
                    >
                      bitlis
                    </option>
                    <option
                      name="city"
                    >
                      bolu
                    </option>
                    <option
                      name="city"
                    >
                      burdur
                    </option>
                    <option
                      name="city"
                    >
                      bursa
                    </option>
                    <option
                      name="city"
                    >
                      çanakkale
                    </option>
                    <option
                      name="city"
                    >
                      çankırı
                    </option>
                    <option
                      name="city"
                    >
                      çorum
                    </option>
                    <option
                      name="city"
                    >
                      denizli
                    </option>
                    <option
                      name="city"
                    >
                      diyarbakır
                    </option>
                    <option
                      name="city"
                    >
                      edirne
                    </option>
                    <option
                      name="city"
                    >
                      elazığ
                    </option>
                    <option
                      name="city"
                    >
                      erzincan
                    </option>
                    <option
                      name="city"
                    >
                      erzurum
                    </option>
                    <option
                      name="city"
                    >
                      eskişehir
                    </option>
                    <option
                      name="city"
                    >
                      gaziantep
                    </option>
                    <option
                      name="city"
                    >
                      giresun
                    </option>
                    <option
                      name="city"
                    >
                      gümüşhane
                    </option>
                    <option
                      name="city"
                    >
                      hakkari
                    </option>
                    <option
                      name="city"
                    >
                      hatay
                    </option>
                    <option
                      name="city"
                    >
                      ısparta
                    </option>
                    <option
                      name="city"
                    >
                      mersin
                    </option>
                    <option
                      name="city"
                    >
                      istanbul
                    </option>
                    <option
                      name="city"
                    >
                      izmir
                    </option>
                    <option
                      name="city"
                    >
                      kars
                    </option>
                    <option
                      name="city"
                    >
                      kastamonu
                    </option>
                    <option
                      name="city"
                    >
                      kayseri
                    </option>
                    <option
                      name="city"
                    >
                      kırklareli
                    </option>
                    <option
                      name="city"
                    >
                      kırşehir
                    </option>
                    <option
                      name="city"
                    >
                      kocaeli
                    </option>
                    <option
                      name="city"
                    >
                      konya
                    </option>
                    <option
                      name="city"
                    >
                      kütahya
                    </option>
                    <option
                      name="city"
                    >
                      malatya
                    </option>
                    <option
                      name="city"
                    >
                      manisa
                    </option>
                    <option
                      name="city"
                    >
                      kahramanmaraş
                    </option>
                    <option
                      name="city"
                    >
                      mardin
                    </option>
                    <option
                      name="city"
                    >
                      muğla
                    </option>
                    <option
                      name="city"
                    >
                      muş
                    </option>
                    <option
                      name="city"
                    >
                      nevşehir
                    </option>
                    <option
                      name="city"
                    >
                      niğde
                    </option>
                    <option
                      name="city"
                    >
                      ordu
                    </option>
                    <option
                      name="city"
                    >
                      rize
                    </option>
                    <option
                      name="city"
                    >
                      sakarya
                    </option>
                    <option
                      name="city"
                    >
                      samsun
                    </option>
                    <option
                      name="city"
                    >
                      siirt
                    </option>
                    <option
                      name="city"
                    >
                      sinop
                    </option>
                    <option
                      name="city"
                    >
                      sivas
                    </option>
                    <option
                      name="city"
                    >
                      tekirdağ
                    </option>
                    <option
                      name="city"
                    >
                      tokat
                    </option>
                    <option
                      name="city"
                    >
                      trabzon
                    </option>
                    <option
                      name="city"
                    >
                      tunceli
                    </option>
                    <option
                      name="city"
                    >
                      şanlıurfa
                    </option>
                    <option
                      name="city"
                    >
                      uşak
                    </option>
                    <option
                      name="city"
                    >
                      van
                    </option>
                    <option
                      name="city"
                    >
                      yozgat
                    </option>
                    <option
                      name="city"
                    >
                      zonguldak
                    </option>
                    <option
                      name="city"
                    >
                      aksaray
                    </option>
                    <option
                      name="city"
                    >
                      bayburt
                    </option>
                    <option
                      name="city"
                    >
                      karaman
                    </option>
                    <option
                      name="city"
                    >
                      kırıkkale
                    </option>
                    <option
                      name="city"
                    >
                      batman
                    </option>
                    <option
                      name="city"
                    >
                      şırnak
                    </option>
                    <option
                      name="city"
                    >
                      bartın
                    </option>
                    <option
                      name="city"
                    >
                      ardahan
                    </option>
                    <option
                      name="city"
                    >
                      ığdır
                    </option>
                    <option
                      name="city"
                    >
                      yalova
                    </option>
                    <option
                      name="city"
                    >
                      karabük
                    </option>
                    <option
                      name="city"
                    >
                      kilis
                    </option>
                    <option
                      name="city"
                    >
                      osmaniye
                    </option>
                    <option
                      name="city"
                    >
                      düzce
                    </option>
                  </select>
                  <div
                    className="error"
                  />
                </div>
                <div>
                  <input
                    className="shadow inputStyle"
                    name="state"
                    onBlur={[Function]}
                    onChange={[Function]}
                    placeholder="personalPage.placeholder5"
                    type="text"
                    value=""
                  />
                  <div
                    className="error"
                  />
                </div>
              </div>
              <div
                className="row d-flex justify-content-around mt-4 "
              >
                <div>
                  <input
                    className="shadow inputStyle"
                    name="street"
                    onBlur={[Function]}
                    onChange={[Function]}
                    placeholder="personalPage.placeholder6"
                    type="text"
                    value=""
                  />
                  <div
                    className="error"
                  />
                </div>
                <div>
                  <input
                    className="shadow inputStyle"
                    name="zip"
                    onBlur={[Function]}
                    onChange={[Function]}
                    placeholder="personalPage.placeholder7"
                    type="text"
                    value=""
                  />
                  <div
                    className="error"
                  />
                </div>
              </div>
              <div
                className="row d-flex mt-5 justify-content-center"
              >
                <button
                  className="m-2 button"
                  type="submit"
                >
                  personalPage.button0
                   
                </button>
                <button
                  className="m-2 button cancelBtn"
                  onClick={[Function]}
                  type="button"
                >
                  personalPage.button1
                   
                </button>
              </div>
            </div>
          </form>
        </div>
      </div>
    </div>
  </div>
</div>
`;
