// Jest Snapshot v1, https://goo.gl/fbAQLP

exports[`renders correctly 1`] = `
<div
  className="mb-5 guestItems col-lg-4"
  style={
    Object {
      "backgroundImage": "url(undefined)",
    }
  }
>
  <button
    className="btn btn-primary"
    disabled={false}
    id="viewButton"
    onClick={[Function]}
    type="button"
  />
</div>
`;
